<?xml version="1.0" encoding="utf-8"?>
<TestRun id="7926ad61-da8b-492c-bc79-3c688d71ce43" name="Riabov.AA@P10092 2023-02-18 10:50:53" runUser="PARMA\Riabov.AA" xmlns="http://microsoft.com/schemas/VisualStudio/TeamTest/2010">
  <Times creation="2023-02-18T10:50:53.3471023+05:00" queuing="2023-02-18T10:50:53.3471026+05:00" start="2023-02-18T10:50:51.6743274+05:00" finish="2023-02-18T10:50:53.3881605+05:00" />
  <TestSettings name="default" id="d5703672-360d-4d19-839c-4f3c8efc41eb">
    <Deployment runDeploymentRoot="Riabov.AA_P10092_2023-02-18_10_50_53" />
  </TestSettings>
  <Results>
    <UnitTestResult executionId="7bba3f02-136a-418f-9c2b-68ddcb3bd644" testId="33dcd494-1234-0a12-8c97-e830305e73b0" testName="Tracker.UnitTests.Roles.RoleCreationValidatorTests.validation_successful" computerName="P10092" duration="00:00:00.0012021" startTime="2023-02-18T10:50:53.3158646+05:00" endTime="2023-02-18T10:50:53.3158647+05:00" testType="13cdc9d9-ddb5-4fa4-a97d-d965ccfc6d4b" outcome="Passed" testListId="8c84fa94-04c1-424b-9868-57a2d4851a1d" relativeResultsDirectory="7bba3f02-136a-418f-9c2b-68ddcb3bd644" />
    <UnitTestResult executionId="6e3c32ef-9aee-456d-8c8e-3dacab5ee283" testId="60606509-57d5-0e35-a5d0-d88a6a3a3479" testName="Tracker.UnitTests.Roles.RoleCreationValidatorTests.validation_error_msg_when_invalid_role_name(roleName: null, errorMsg: &quot;Название роли не может быть пустым&quot;)" computerName="P10092" duration="00:00:00.0014950" startTime="2023-02-18T10:50:53.3157771+05:00" endTime="2023-02-18T10:50:53.3157771+05:00" testType="13cdc9d9-ddb5-4fa4-a97d-d965ccfc6d4b" outcome="Passed" testListId="8c84fa94-04c1-424b-9868-57a2d4851a1d" relativeResultsDirectory="6e3c32ef-9aee-456d-8c8e-3dacab5ee283" />
    <UnitTestResult executionId="69eea81e-c9bf-455b-a5b7-5956dc6807c0" testId="763c5e10-1970-b182-114c-84faabb1d9d6" testName="Tracker.UnitTests.Roles.RoleCreationValidatorTests.validation_error_msg_when_invalid_role_name(roleName: &quot;**************************************************&quot;..., errorMsg: &quot;Название роли должно быть от 3 до 100 символов&quot;)" computerName="P10092" duration="00:00:00.0081696" startTime="2023-02-18T10:50:53.3151781+05:00" endTime="2023-02-18T10:50:53.3151781+05:00" testType="13cdc9d9-ddb5-4fa4-a97d-d965ccfc6d4b" outcome="Passed" testListId="8c84fa94-04c1-424b-9868-57a2d4851a1d" relativeResultsDirectory="69eea81e-c9bf-455b-a5b7-5956dc6807c0" />
    <UnitTestResult executionId="efca75d8-2e73-4874-86ff-315278c21443" testId="06897a48-9c50-f6da-b15c-5000f2a744b9" testName="Tracker.UnitTests.Roles.RoleUpdatingValidatorTests.validation_error_msg_when_role_name_exists_already" computerName="P10092" duration="00:00:00.0070504" startTime="2023-02-18T10:50:53.3134897+05:00" endTime="2023-02-18T10:50:53.3134897+05:00" testType="13cdc9d9-ddb5-4fa4-a97d-d965ccfc6d4b" outcome="Passed" testListId="8c84fa94-04c1-424b-9868-57a2d4851a1d" relativeResultsDirectory="efca75d8-2e73-4874-86ff-315278c21443" />
    <UnitTestResult executionId="552347d4-7924-4207-a7bc-5f1b10da5804" testId="5fa2b0f0-75f1-05c5-fcfb-52193d2c2661" testName="Tracker.UnitTests.Roles.RoleUpdatingValidatorTests.validation_successful" computerName="P10092" duration="00:00:00.0012933" startTime="2023-02-18T10:50:53.3158344+05:00" endTime="2023-02-18T10:50:53.3158345+05:00" testType="13cdc9d9-ddb5-4fa4-a97d-d965ccfc6d4b" outcome="Passed" testListId="8c84fa94-04c1-424b-9868-57a2d4851a1d" relativeResultsDirectory="552347d4-7924-4207-a7bc-5f1b10da5804" />
    <UnitTestResult executionId="6d5c1c13-fa91-4250-a5ae-1547a8ad87c2" testId="18944975-5c08-5100-b396-f77631fd8312" testName="Tracker.UnitTests.Roles.RoleCreationValidatorTests.validation_error_msg_when_invalid_role_name(roleName: &quot;**&quot;, errorMsg: &quot;Название роли должно быть от 3 до 100 символов&quot;)" computerName="P10092" duration="00:00:00.1493819" startTime="2023-02-18T10:50:53.2791188+05:00" endTime="2023-02-18T10:50:53.2791188+05:00" testType="13cdc9d9-ddb5-4fa4-a97d-d965ccfc6d4b" outcome="Passed" testListId="8c84fa94-04c1-424b-9868-57a2d4851a1d" relativeResultsDirectory="6d5c1c13-fa91-4250-a5ae-1547a8ad87c2" />
    <UnitTestResult executionId="5b085e25-31ba-4903-94eb-8f90fa09911a" testId="d15b5ad1-637e-5f2f-7fdb-e09fea2b3327" testName="Tracker.UnitTests.Roles.RoleUpdatingValidatorTests.validation_error_msg_when_invalid_role_name(roleName: &quot;&quot;, errorMsg: &quot;Название роли не может быть пустым&quot;)" computerName="P10092" duration="00:00:00.1493726" startTime="2023-02-18T10:50:53.2713218+05:00" endTime="2023-02-18T10:50:53.2713440+05:00" testType="13cdc9d9-ddb5-4fa4-a97d-d965ccfc6d4b" outcome="Passed" testListId="8c84fa94-04c1-424b-9868-57a2d4851a1d" relativeResultsDirectory="5b085e25-31ba-4903-94eb-8f90fa09911a" />
    <UnitTestResult executionId="0887e4a7-feb4-40b2-8c15-fc93ab86c9db" testId="6d06bd2b-eec8-a6fd-3f5e-584fc8b11974" testName="Tracker.UnitTests.Roles.RoleDeletingValidatorTests.validation_error_msg_when_role_id_is_empty(roleId: &quot;    &quot;)" computerName="P10092" duration="00:00:00.0004064" startTime="2023-02-18T10:50:53.3134197+05:00" endTime="2023-02-18T10:50:53.3134198+05:00" testType="13cdc9d9-ddb5-4fa4-a97d-d965ccfc6d4b" outcome="Passed" testListId="8c84fa94-04c1-424b-9868-57a2d4851a1d" relativeResultsDirectory="0887e4a7-feb4-40b2-8c15-fc93ab86c9db" />
    <UnitTestResult executionId="409018a5-751e-425b-b8de-18099103edd2" testId="f2ac7237-eaf5-d3dc-671e-9cc86bd72736" testName="Tracker.UnitTests.Roles.RoleUpdatingValidatorTests.validation_error_msg_when_invalid_role_name(roleName: &quot;    &quot;, errorMsg: &quot;Название роли не может быть пустым&quot;)" computerName="P10092" duration="00:00:00.0007757" startTime="2023-02-18T10:50:53.2801432+05:00" endTime="2023-02-18T10:50:53.2801433+05:00" testType="13cdc9d9-ddb5-4fa4-a97d-d965ccfc6d4b" outcome="Passed" testListId="8c84fa94-04c1-424b-9868-57a2d4851a1d" relativeResultsDirectory="409018a5-751e-425b-b8de-18099103edd2" />
    <UnitTestResult executionId="73934623-5013-42d0-a7f2-55813d146203" testId="2f591677-4cdd-9cd9-f549-8d9e22f162f8" testName="Tracker.UnitTests.Roles.RoleUpdatingValidatorTests.validation_error_msg_when_invalid_role_name(roleName: &quot;**&quot;, errorMsg: &quot;Название роли должно быть от 3 до 100 символов&quot;)" computerName="P10092" duration="00:00:00.0002843" startTime="2023-02-18T10:50:53.3133913+05:00" endTime="2023-02-18T10:50:53.3133913+05:00" testType="13cdc9d9-ddb5-4fa4-a97d-d965ccfc6d4b" outcome="Passed" testListId="8c84fa94-04c1-424b-9868-57a2d4851a1d" relativeResultsDirectory="73934623-5013-42d0-a7f2-55813d146203" />
    <UnitTestResult executionId="3f87c4d1-7b70-42e6-bc42-1165783f10c1" testId="4027428f-9901-c2d3-4c23-fb1a73316fd1" testName="Tracker.UnitTests.Roles.RoleUpdatingValidatorTests.validation_error_msg_when_invalid_role_name(roleName: null, errorMsg: &quot;Название роли не может быть пустым&quot;)" computerName="P10092" duration="00:00:00.0003194" startTime="2023-02-18T10:50:53.2801747+05:00" endTime="2023-02-18T10:50:53.2801747+05:00" testType="13cdc9d9-ddb5-4fa4-a97d-d965ccfc6d4b" outcome="Passed" testListId="8c84fa94-04c1-424b-9868-57a2d4851a1d" relativeResultsDirectory="3f87c4d1-7b70-42e6-bc42-1165783f10c1" />
    <UnitTestResult executionId="6601a109-3f60-4bc6-8fec-1e3f07144926" testId="7faa62a0-4588-3432-b451-f07a58280e8c" testName="Tracker.UnitTests.Users.UsersServiceTests.rollback_transaction_when_user_creation_error" computerName="P10092" duration="00:00:00.0161427" startTime="2023-02-18T10:50:53.3159389+05:00" endTime="2023-02-18T10:50:53.3159389+05:00" testType="13cdc9d9-ddb5-4fa4-a97d-d965ccfc6d4b" outcome="Passed" testListId="8c84fa94-04c1-424b-9868-57a2d4851a1d" relativeResultsDirectory="6601a109-3f60-4bc6-8fec-1e3f07144926" />
    <UnitTestResult executionId="1866d6fe-e143-47b2-8a81-46bcdd5d9053" testId="1f65c42d-91a1-164c-f50f-92b141cb22c8" testName="Tracker.UnitTests.Roles.RoleUpdatingValidatorTests.validation_error_msg_when_attempt_to_edit_admin_role" computerName="P10092" duration="00:00:00.0011886" startTime="2023-02-18T10:50:53.3158921+05:00" endTime="2023-02-18T10:50:53.3158921+05:00" testType="13cdc9d9-ddb5-4fa4-a97d-d965ccfc6d4b" outcome="Passed" testListId="8c84fa94-04c1-424b-9868-57a2d4851a1d" relativeResultsDirectory="1866d6fe-e143-47b2-8a81-46bcdd5d9053" />
    <UnitTestResult executionId="e2dd0a4d-b835-4a9b-86d6-25e9a3cb0b28" testId="ee556dfd-4a97-577c-254f-0d91a8832d23" testName="Tracker.UnitTests.Roles.RoleUpdatingValidatorTests.validation_error_msg_when_role_id_is_empty(roleId: &quot;    &quot;)" computerName="P10092" duration="00:00:00.0003831" startTime="2023-02-18T10:50:53.3152441+05:00" endTime="2023-02-18T10:50:53.3152442+05:00" testType="13cdc9d9-ddb5-4fa4-a97d-d965ccfc6d4b" outcome="Passed" testListId="8c84fa94-04c1-424b-9868-57a2d4851a1d" relativeResultsDirectory="e2dd0a4d-b835-4a9b-86d6-25e9a3cb0b28" />
    <UnitTestResult executionId="e5c9e7cf-b121-489d-8ffa-c9efa68bbdf2" testId="aeb6be0a-1b30-1dda-3c6a-a36381dd0d97" testName="Tracker.UnitTests.Roles.RoleDeletingValidatorTests.validation_successful" computerName="P10092" duration="00:00:00.1493676" startTime="2023-02-18T10:50:53.2791515+05:00" endTime="2023-02-18T10:50:53.2791515+05:00" testType="13cdc9d9-ddb5-4fa4-a97d-d965ccfc6d4b" outcome="Passed" testListId="8c84fa94-04c1-424b-9868-57a2d4851a1d" relativeResultsDirectory="e5c9e7cf-b121-489d-8ffa-c9efa68bbdf2" />
    <UnitTestResult executionId="6a6bec23-a11e-4951-82e1-1f96deaa6912" testId="f527434d-c2ed-96ab-192a-a5f1c25cd42a" testName="Tracker.UnitTests.Roles.RoleCreationValidatorTests.validation_error_msg_when_invalid_role_name(roleName: &quot;    &quot;, errorMsg: &quot;Название роли не может быть пустым&quot;)" computerName="P10092" duration="00:00:00.0031131" startTime="2023-02-18T10:50:53.3134677+05:00" endTime="2023-02-18T10:50:53.3134678+05:00" testType="13cdc9d9-ddb5-4fa4-a97d-d965ccfc6d4b" outcome="Passed" testListId="8c84fa94-04c1-424b-9868-57a2d4851a1d" relativeResultsDirectory="6a6bec23-a11e-4951-82e1-1f96deaa6912" />
    <UnitTestResult executionId="67eea887-48c8-4a81-8844-13f7eb210974" testId="1de17e91-adde-8006-95e9-54afe1e4715f" testName="Tracker.UnitTests.Roles.RoleCreationValidatorTests.validation_error_msg_when_role_name_exists_already" computerName="P10092" duration="00:00:00.0012935" startTime="2023-02-18T10:50:53.3159191+05:00" endTime="2023-02-18T10:50:53.3159191+05:00" testType="13cdc9d9-ddb5-4fa4-a97d-d965ccfc6d4b" outcome="Passed" testListId="8c84fa94-04c1-424b-9868-57a2d4851a1d" relativeResultsDirectory="67eea887-48c8-4a81-8844-13f7eb210974" />
    <UnitTestResult executionId="20d47d08-56fa-4c70-94a7-bfdaaa8a0e41" testId="5fb85fb9-efef-1f85-086e-28ec9b4f3838" testName="Tracker.UnitTests.Roles.RoleDeletingValidatorTests.validation_error_msg_when_role_id_is_empty(roleId: null)" computerName="P10092" duration="00:00:00.0003775" startTime="2023-02-18T10:50:53.3134412+05:00" endTime="2023-02-18T10:50:53.3134412+05:00" testType="13cdc9d9-ddb5-4fa4-a97d-d965ccfc6d4b" outcome="Passed" testListId="8c84fa94-04c1-424b-9868-57a2d4851a1d" relativeResultsDirectory="20d47d08-56fa-4c70-94a7-bfdaaa8a0e41" />
    <UnitTestResult executionId="5a968a4f-1759-40ce-9495-ece2969644d9" testId="4f884c13-41da-686d-78e1-9af7fc6c298a" testName="Tracker.UnitTests.Roles.RoleDeletingValidatorTests.validation_error_msg_when_role_id_is_empty(roleId: &quot;&quot;)" computerName="P10092" duration="00:00:00.0010196" startTime="2023-02-18T10:50:53.3133387+05:00" endTime="2023-02-18T10:50:53.3133388+05:00" testType="13cdc9d9-ddb5-4fa4-a97d-d965ccfc6d4b" outcome="Passed" testListId="8c84fa94-04c1-424b-9868-57a2d4851a1d" relativeResultsDirectory="5a968a4f-1759-40ce-9495-ece2969644d9" />
    <UnitTestResult executionId="e831f3a9-36e2-41e7-861e-3c6fac78c18b" testId="f4045b18-2a86-e92b-1f5b-a4c13ded25de" testName="Tracker.UnitTests.Users.UsersServiceTests.register_successful" computerName="P10092" duration="00:00:00.1524651" startTime="2023-02-18T10:50:53.2800074+05:00" endTime="2023-02-18T10:50:53.2800075+05:00" testType="13cdc9d9-ddb5-4fa4-a97d-d965ccfc6d4b" outcome="Passed" testListId="8c84fa94-04c1-424b-9868-57a2d4851a1d" relativeResultsDirectory="e831f3a9-36e2-41e7-861e-3c6fac78c18b" />
    <UnitTestResult executionId="f1b63b9d-d408-43a5-8546-37f71156d354" testId="61509931-8d02-b793-bf62-b71604e3ee8a" testName="Tracker.UnitTests.Roles.RoleCreationValidatorTests.validation_error_msg_when_invalid_role_name(roleName: &quot;&quot;, errorMsg: &quot;Название роли не может быть пустым&quot;)" computerName="P10092" duration="00:00:00.0004157" startTime="2023-02-18T10:50:53.3152227+05:00" endTime="2023-02-18T10:50:53.3152227+05:00" testType="13cdc9d9-ddb5-4fa4-a97d-d965ccfc6d4b" outcome="Passed" testListId="8c84fa94-04c1-424b-9868-57a2d4851a1d" relativeResultsDirectory="f1b63b9d-d408-43a5-8546-37f71156d354" />
    <UnitTestResult executionId="2293edbd-db70-4dea-ac67-f49185080b1d" testId="b16be9d5-4d8d-b975-fe2f-ddd005bd3c7e" testName="Tracker.UnitTests.Roles.RoleUpdatingValidatorTests.validation_error_msg_when_role_id_is_empty(roleId: null)" computerName="P10092" duration="00:00:00.0002988" startTime="2023-02-18T10:50:53.3152652+05:00" endTime="2023-02-18T10:50:53.3152653+05:00" testType="13cdc9d9-ddb5-4fa4-a97d-d965ccfc6d4b" outcome="Passed" testListId="8c84fa94-04c1-424b-9868-57a2d4851a1d" relativeResultsDirectory="2293edbd-db70-4dea-ac67-f49185080b1d" />
    <UnitTestResult executionId="70cd1836-f95f-4f44-8a2e-18c977c8b752" testId="5271f82c-ceec-fda6-bc8b-9d59a7ef8573" testName="Tracker.UnitTests.Roles.RoleDeletingValidatorTests.validation_error_msg_when_role_not_found" computerName="P10092" duration="00:00:00.0012545" startTime="2023-02-18T10:50:53.3151632+05:00" endTime="2023-02-18T10:50:53.3151633+05:00" testType="13cdc9d9-ddb5-4fa4-a97d-d965ccfc6d4b" outcome="Passed" testListId="8c84fa94-04c1-424b-9868-57a2d4851a1d" relativeResultsDirectory="70cd1836-f95f-4f44-8a2e-18c977c8b752" />
    <UnitTestResult executionId="4e733819-4aaf-4494-8687-ac4db42b7e6d" testId="227706a7-5e28-b820-f57e-ac3189883458" testName="Tracker.UnitTests.Roles.RoleUpdatingValidatorTests.validation_error_msg_when_invalid_role_name(roleName: &quot;**************************************************&quot;..., errorMsg: &quot;Название роли должно быть от 3 до 100 символов&quot;)" computerName="P10092" duration="00:00:00.0003264" startTime="2023-02-18T10:50:53.3132051+05:00" endTime="2023-02-18T10:50:53.3132052+05:00" testType="13cdc9d9-ddb5-4fa4-a97d-d965ccfc6d4b" outcome="Passed" testListId="8c84fa94-04c1-424b-9868-57a2d4851a1d" relativeResultsDirectory="4e733819-4aaf-4494-8687-ac4db42b7e6d" />
    <UnitTestResult executionId="485577ec-b3f8-4cf5-b044-8909360ae078" testId="839d785c-ddfa-f5e9-9f99-7782081ba627" testName="Tracker.UnitTests.Roles.RoleUpdatingValidatorTests.validation_error_msg_when_role_id_is_empty(roleId: &quot;&quot;)" computerName="P10092" duration="00:00:00.0012558" startTime="2023-02-18T10:50:53.3152010+05:00" endTime="2023-02-18T10:50:53.3152011+05:00" testType="13cdc9d9-ddb5-4fa4-a97d-d965ccfc6d4b" outcome="Passed" testListId="8c84fa94-04c1-424b-9868-57a2d4851a1d" relativeResultsDirectory="485577ec-b3f8-4cf5-b044-8909360ae078" />
    <UnitTestResult executionId="7d23e6f8-3640-4402-85bd-ac5feb1825b9" testId="7faacf13-723d-6456-e4c1-16094ac41a38" testName="Tracker.UnitTests.Roles.RoleUpdatingValidatorTests.validation_error_msg_when_role_not_found" computerName="P10092" duration="00:00:00.0012708" startTime="2023-02-18T10:50:53.3151156+05:00" endTime="2023-02-18T10:50:53.3151157+05:00" testType="13cdc9d9-ddb5-4fa4-a97d-d965ccfc6d4b" outcome="Passed" testListId="8c84fa94-04c1-424b-9868-57a2d4851a1d" relativeResultsDirectory="7d23e6f8-3640-4402-85bd-ac5feb1825b9" />
    <UnitTestResult executionId="998f3200-de07-4f8f-9756-34358eb9654f" testId="c7efa35a-9a7c-3b53-cdbf-1c8927009565" testName="Tracker.UnitTests.Roles.RoleDeletingValidatorTests.validation_error_msg_when_users_use_role" computerName="P10092" duration="00:00:00.0075499" startTime="2023-02-18T10:50:53.3150772+05:00" endTime="2023-02-18T10:50:53.3150772+05:00" testType="13cdc9d9-ddb5-4fa4-a97d-d965ccfc6d4b" outcome="Passed" testListId="8c84fa94-04c1-424b-9868-57a2d4851a1d" relativeResultsDirectory="998f3200-de07-4f8f-9756-34358eb9654f" />
  </Results>
  <TestDefinitions>
    <UnitTest name="Tracker.UnitTests.Roles.RoleUpdatingValidatorTests.validation_error_msg_when_role_id_is_empty(roleId: &quot;    &quot;)" storage="c:\projects\tracker\tracker.unittests\bin\debug\net6.0\tracker.unittests.dll" id="ee556dfd-4a97-577c-254f-0d91a8832d23">
      <Execution id="e2dd0a4d-b835-4a9b-86d6-25e9a3cb0b28" />
      <TestMethod codeBase="C:\Projects\Tracker\Tracker.UnitTests\bin\Debug\net6.0\Tracker.UnitTests.dll" adapterTypeName="executor://xunit/VsTestRunner2/netcoreapp" className="Tracker.UnitTests.Roles.RoleUpdatingValidatorTests" name="validation_error_msg_when_role_id_is_empty" />
    </UnitTest>
    <UnitTest name="Tracker.UnitTests.Roles.RoleCreationValidatorTests.validation_error_msg_when_invalid_role_name(roleName: null, errorMsg: &quot;Название роли не может быть пустым&quot;)" storage="c:\projects\tracker\tracker.unittests\bin\debug\net6.0\tracker.unittests.dll" id="60606509-57d5-0e35-a5d0-d88a6a3a3479">
      <Execution id="6e3c32ef-9aee-456d-8c8e-3dacab5ee283" />
      <TestMethod codeBase="C:\Projects\Tracker\Tracker.UnitTests\bin\Debug\net6.0\Tracker.UnitTests.dll" adapterTypeName="executor://xunit/VsTestRunner2/netcoreapp" className="Tracker.UnitTests.Roles.RoleCreationValidatorTests" name="validation_error_msg_when_invalid_role_name" />
    </UnitTest>
    <UnitTest name="Tracker.UnitTests.Roles.RoleUpdatingValidatorTests.validation_error_msg_when_role_name_exists_already" storage="c:\projects\tracker\tracker.unittests\bin\debug\net6.0\tracker.unittests.dll" id="06897a48-9c50-f6da-b15c-5000f2a744b9">
      <Execution id="efca75d8-2e73-4874-86ff-315278c21443" />
      <TestMethod codeBase="C:\Projects\Tracker\Tracker.UnitTests\bin\Debug\net6.0\Tracker.UnitTests.dll" adapterTypeName="executor://xunit/VsTestRunner2/netcoreapp" className="Tracker.UnitTests.Roles.RoleUpdatingValidatorTests" name="validation_error_msg_when_role_name_exists_already" />
    </UnitTest>
    <UnitTest name="Tracker.UnitTests.Roles.RoleCreationValidatorTests.validation_successful" storage="c:\projects\tracker\tracker.unittests\bin\debug\net6.0\tracker.unittests.dll" id="33dcd494-1234-0a12-8c97-e830305e73b0">
      <Execution id="7bba3f02-136a-418f-9c2b-68ddcb3bd644" />
      <TestMethod codeBase="C:\Projects\Tracker\Tracker.UnitTests\bin\Debug\net6.0\Tracker.UnitTests.dll" adapterTypeName="executor://xunit/VsTestRunner2/netcoreapp" className="Tracker.UnitTests.Roles.RoleCreationValidatorTests" name="validation_successful" />
    </UnitTest>
    <UnitTest name="Tracker.UnitTests.Roles.RoleCreationValidatorTests.validation_error_msg_when_invalid_role_name(roleName: &quot;**&quot;, errorMsg: &quot;Название роли должно быть от 3 до 100 символов&quot;)" storage="c:\projects\tracker\tracker.unittests\bin\debug\net6.0\tracker.unittests.dll" id="18944975-5c08-5100-b396-f77631fd8312">
      <Execution id="6d5c1c13-fa91-4250-a5ae-1547a8ad87c2" />
      <TestMethod codeBase="C:\Projects\Tracker\Tracker.UnitTests\bin\Debug\net6.0\Tracker.UnitTests.dll" adapterTypeName="executor://xunit/VsTestRunner2/netcoreapp" className="Tracker.UnitTests.Roles.RoleCreationValidatorTests" name="validation_error_msg_when_invalid_role_name" />
    </UnitTest>
    <UnitTest name="Tracker.UnitTests.Roles.RoleUpdatingValidatorTests.validation_error_msg_when_invalid_role_name(roleName: &quot;&quot;, errorMsg: &quot;Название роли не может быть пустым&quot;)" storage="c:\projects\tracker\tracker.unittests\bin\debug\net6.0\tracker.unittests.dll" id="d15b5ad1-637e-5f2f-7fdb-e09fea2b3327">
      <Execution id="5b085e25-31ba-4903-94eb-8f90fa09911a" />
      <TestMethod codeBase="C:\Projects\Tracker\Tracker.UnitTests\bin\Debug\net6.0\Tracker.UnitTests.dll" adapterTypeName="executor://xunit/VsTestRunner2/netcoreapp" className="Tracker.UnitTests.Roles.RoleUpdatingValidatorTests" name="validation_error_msg_when_invalid_role_name" />
    </UnitTest>
    <UnitTest name="Tracker.UnitTests.Roles.RoleUpdatingValidatorTests.validation_error_msg_when_attempt_to_edit_admin_role" storage="c:\projects\tracker\tracker.unittests\bin\debug\net6.0\tracker.unittests.dll" id="1f65c42d-91a1-164c-f50f-92b141cb22c8">
      <Execution id="1866d6fe-e143-47b2-8a81-46bcdd5d9053" />
      <TestMethod codeBase="C:\Projects\Tracker\Tracker.UnitTests\bin\Debug\net6.0\Tracker.UnitTests.dll" adapterTypeName="executor://xunit/VsTestRunner2/netcoreapp" className="Tracker.UnitTests.Roles.RoleUpdatingValidatorTests" name="validation_error_msg_when_attempt_to_edit_admin_role" />
    </UnitTest>
    <UnitTest name="Tracker.UnitTests.Roles.RoleUpdatingValidatorTests.validation_error_msg_when_invalid_role_name(roleName: &quot;**************************************************&quot;..., errorMsg: &quot;Название роли должно быть от 3 до 100 символов&quot;)" storage="c:\projects\tracker\tracker.unittests\bin\debug\net6.0\tracker.unittests.dll" id="227706a7-5e28-b820-f57e-ac3189883458">
      <Execution id="4e733819-4aaf-4494-8687-ac4db42b7e6d" />
      <TestMethod codeBase="C:\Projects\Tracker\Tracker.UnitTests\bin\Debug\net6.0\Tracker.UnitTests.dll" adapterTypeName="executor://xunit/VsTestRunner2/netcoreapp" className="Tracker.UnitTests.Roles.RoleUpdatingValidatorTests" name="validation_error_msg_when_invalid_role_name" />
    </UnitTest>
    <UnitTest name="Tracker.UnitTests.Roles.RoleUpdatingValidatorTests.validation_error_msg_when_invalid_role_name(roleName: null, errorMsg: &quot;Название роли не может быть пустым&quot;)" storage="c:\projects\tracker\tracker.unittests\bin\debug\net6.0\tracker.unittests.dll" id="4027428f-9901-c2d3-4c23-fb1a73316fd1">
      <Execution id="3f87c4d1-7b70-42e6-bc42-1165783f10c1" />
      <TestMethod codeBase="C:\Projects\Tracker\Tracker.UnitTests\bin\Debug\net6.0\Tracker.UnitTests.dll" adapterTypeName="executor://xunit/VsTestRunner2/netcoreapp" className="Tracker.UnitTests.Roles.RoleUpdatingValidatorTests" name="validation_error_msg_when_invalid_role_name" />
    </UnitTest>
    <UnitTest name="Tracker.UnitTests.Roles.RoleDeletingValidatorTests.validation_error_msg_when_role_not_found" storage="c:\projects\tracker\tracker.unittests\bin\debug\net6.0\tracker.unittests.dll" id="5271f82c-ceec-fda6-bc8b-9d59a7ef8573">
      <Execution id="70cd1836-f95f-4f44-8a2e-18c977c8b752" />
      <TestMethod codeBase="C:\Projects\Tracker\Tracker.UnitTests\bin\Debug\net6.0\Tracker.UnitTests.dll" adapterTypeName="executor://xunit/VsTestRunner2/netcoreapp" className="Tracker.UnitTests.Roles.RoleDeletingValidatorTests" name="validation_error_msg_when_role_not_found" />
    </UnitTest>
    <UnitTest name="Tracker.UnitTests.Roles.RoleDeletingValidatorTests.validation_error_msg_when_users_use_role" storage="c:\projects\tracker\tracker.unittests\bin\debug\net6.0\tracker.unittests.dll" id="c7efa35a-9a7c-3b53-cdbf-1c8927009565">
      <Execution id="998f3200-de07-4f8f-9756-34358eb9654f" />
      <TestMethod codeBase="C:\Projects\Tracker\Tracker.UnitTests\bin\Debug\net6.0\Tracker.UnitTests.dll" adapterTypeName="executor://xunit/VsTestRunner2/netcoreapp" className="Tracker.UnitTests.Roles.RoleDeletingValidatorTests" name="validation_error_msg_when_users_use_role" />
    </UnitTest>
    <UnitTest name="Tracker.UnitTests.Roles.RoleUpdatingValidatorTests.validation_error_msg_when_invalid_role_name(roleName: &quot;    &quot;, errorMsg: &quot;Название роли не может быть пустым&quot;)" storage="c:\projects\tracker\tracker.unittests\bin\debug\net6.0\tracker.unittests.dll" id="f2ac7237-eaf5-d3dc-671e-9cc86bd72736">
      <Execution id="409018a5-751e-425b-b8de-18099103edd2" />
      <TestMethod codeBase="C:\Projects\Tracker\Tracker.UnitTests\bin\Debug\net6.0\Tracker.UnitTests.dll" adapterTypeName="executor://xunit/VsTestRunner2/netcoreapp" className="Tracker.UnitTests.Roles.RoleUpdatingValidatorTests" name="validation_error_msg_when_invalid_role_name" />
    </UnitTest>
    <UnitTest name="Tracker.UnitTests.Roles.RoleUpdatingValidatorTests.validation_error_msg_when_invalid_role_name(roleName: &quot;**&quot;, errorMsg: &quot;Название роли должно быть от 3 до 100 символов&quot;)" storage="c:\projects\tracker\tracker.unittests\bin\debug\net6.0\tracker.unittests.dll" id="2f591677-4cdd-9cd9-f549-8d9e22f162f8">
      <Execution id="73934623-5013-42d0-a7f2-55813d146203" />
      <TestMethod codeBase="C:\Projects\Tracker\Tracker.UnitTests\bin\Debug\net6.0\Tracker.UnitTests.dll" adapterTypeName="executor://xunit/VsTestRunner2/netcoreapp" className="Tracker.UnitTests.Roles.RoleUpdatingValidatorTests" name="validation_error_msg_when_invalid_role_name" />
    </UnitTest>
    <UnitTest name="Tracker.UnitTests.Roles.RoleUpdatingValidatorTests.validation_error_msg_when_role_id_is_empty(roleId: &quot;&quot;)" storage="c:\projects\tracker\tracker.unittests\bin\debug\net6.0\tracker.unittests.dll" id="839d785c-ddfa-f5e9-9f99-7782081ba627">
      <Execution id="485577ec-b3f8-4cf5-b044-8909360ae078" />
      <TestMethod codeBase="C:\Projects\Tracker\Tracker.UnitTests\bin\Debug\net6.0\Tracker.UnitTests.dll" adapterTypeName="executor://xunit/VsTestRunner2/netcoreapp" className="Tracker.UnitTests.Roles.RoleUpdatingValidatorTests" name="validation_error_msg_when_role_id_is_empty" />
    </UnitTest>
    <UnitTest name="Tracker.UnitTests.Roles.RoleUpdatingValidatorTests.validation_error_msg_when_role_id_is_empty(roleId: null)" storage="c:\projects\tracker\tracker.unittests\bin\debug\net6.0\tracker.unittests.dll" id="b16be9d5-4d8d-b975-fe2f-ddd005bd3c7e">
      <Execution id="2293edbd-db70-4dea-ac67-f49185080b1d" />
      <TestMethod codeBase="C:\Projects\Tracker\Tracker.UnitTests\bin\Debug\net6.0\Tracker.UnitTests.dll" adapterTypeName="executor://xunit/VsTestRunner2/netcoreapp" className="Tracker.UnitTests.Roles.RoleUpdatingValidatorTests" name="validation_error_msg_when_role_id_is_empty" />
    </UnitTest>
    <UnitTest name="Tracker.UnitTests.Roles.RoleDeletingValidatorTests.validation_error_msg_when_role_id_is_empty(roleId: &quot;    &quot;)" storage="c:\projects\tracker\tracker.unittests\bin\debug\net6.0\tracker.unittests.dll" id="6d06bd2b-eec8-a6fd-3f5e-584fc8b11974">
      <Execution id="0887e4a7-feb4-40b2-8c15-fc93ab86c9db" />
      <TestMethod codeBase="C:\Projects\Tracker\Tracker.UnitTests\bin\Debug\net6.0\Tracker.UnitTests.dll" adapterTypeName="executor://xunit/VsTestRunner2/netcoreapp" className="Tracker.UnitTests.Roles.RoleDeletingValidatorTests" name="validation_error_msg_when_role_id_is_empty" />
    </UnitTest>
    <UnitTest name="Tracker.UnitTests.Roles.RoleUpdatingValidatorTests.validation_error_msg_when_role_not_found" storage="c:\projects\tracker\tracker.unittests\bin\debug\net6.0\tracker.unittests.dll" id="7faacf13-723d-6456-e4c1-16094ac41a38">
      <Execution id="7d23e6f8-3640-4402-85bd-ac5feb1825b9" />
      <TestMethod codeBase="C:\Projects\Tracker\Tracker.UnitTests\bin\Debug\net6.0\Tracker.UnitTests.dll" adapterTypeName="executor://xunit/VsTestRunner2/netcoreapp" className="Tracker.UnitTests.Roles.RoleUpdatingValidatorTests" name="validation_error_msg_when_role_not_found" />
    </UnitTest>
    <UnitTest name="Tracker.UnitTests.Users.UsersServiceTests.register_successful" storage="c:\projects\tracker\tracker.unittests\bin\debug\net6.0\tracker.unittests.dll" id="f4045b18-2a86-e92b-1f5b-a4c13ded25de">
      <Execution id="e831f3a9-36e2-41e7-861e-3c6fac78c18b" />
      <TestMethod codeBase="C:\Projects\Tracker\Tracker.UnitTests\bin\Debug\net6.0\Tracker.UnitTests.dll" adapterTypeName="executor://xunit/VsTestRunner2/netcoreapp" className="Tracker.UnitTests.Users.UsersServiceTests" name="register_successful" />
    </UnitTest>
    <UnitTest name="Tracker.UnitTests.Roles.RoleUpdatingValidatorTests.validation_successful" storage="c:\projects\tracker\tracker.unittests\bin\debug\net6.0\tracker.unittests.dll" id="5fa2b0f0-75f1-05c5-fcfb-52193d2c2661">
      <Execution id="552347d4-7924-4207-a7bc-5f1b10da5804" />
      <TestMethod codeBase="C:\Projects\Tracker\Tracker.UnitTests\bin\Debug\net6.0\Tracker.UnitTests.dll" adapterTypeName="executor://xunit/VsTestRunner2/netcoreapp" className="Tracker.UnitTests.Roles.RoleUpdatingValidatorTests" name="validation_successful" />
    </UnitTest>
    <UnitTest name="Tracker.UnitTests.Roles.RoleDeletingValidatorTests.validation_successful" storage="c:\projects\tracker\tracker.unittests\bin\debug\net6.0\tracker.unittests.dll" id="aeb6be0a-1b30-1dda-3c6a-a36381dd0d97">
      <Execution id="e5c9e7cf-b121-489d-8ffa-c9efa68bbdf2" />
      <TestMethod codeBase="C:\Projects\Tracker\Tracker.UnitTests\bin\Debug\net6.0\Tracker.UnitTests.dll" adapterTypeName="executor://xunit/VsTestRunner2/netcoreapp" className="Tracker.UnitTests.Roles.RoleDeletingValidatorTests" name="validation_successful" />
    </UnitTest>
    <UnitTest name="Tracker.UnitTests.Roles.RoleDeletingValidatorTests.validation_error_msg_when_role_id_is_empty(roleId: null)" storage="c:\projects\tracker\tracker.unittests\bin\debug\net6.0\tracker.unittests.dll" id="5fb85fb9-efef-1f85-086e-28ec9b4f3838">
      <Execution id="20d47d08-56fa-4c70-94a7-bfdaaa8a0e41" />
      <TestMethod codeBase="C:\Projects\Tracker\Tracker.UnitTests\bin\Debug\net6.0\Tracker.UnitTests.dll" adapterTypeName="executor://xunit/VsTestRunner2/netcoreapp" className="Tracker.UnitTests.Roles.RoleDeletingValidatorTests" name="validation_error_msg_when_role_id_is_empty" />
    </UnitTest>
    <UnitTest name="Tracker.UnitTests.Roles.RoleCreationValidatorTests.validation_error_msg_when_invalid_role_name(roleName: &quot;&quot;, errorMsg: &quot;Название роли не может быть пустым&quot;)" storage="c:\projects\tracker\tracker.unittests\bin\debug\net6.0\tracker.unittests.dll" id="61509931-8d02-b793-bf62-b71604e3ee8a">
      <Execution id="f1b63b9d-d408-43a5-8546-37f71156d354" />
      <TestMethod codeBase="C:\Projects\Tracker\Tracker.UnitTests\bin\Debug\net6.0\Tracker.UnitTests.dll" adapterTypeName="executor://xunit/VsTestRunner2/netcoreapp" className="Tracker.UnitTests.Roles.RoleCreationValidatorTests" name="validation_error_msg_when_invalid_role_name" />
    </UnitTest>
    <UnitTest name="Tracker.UnitTests.Users.UsersServiceTests.rollback_transaction_when_user_creation_error" storage="c:\projects\tracker\tracker.unittests\bin\debug\net6.0\tracker.unittests.dll" id="7faa62a0-4588-3432-b451-f07a58280e8c">
      <Execution id="6601a109-3f60-4bc6-8fec-1e3f07144926" />
      <TestMethod codeBase="C:\Projects\Tracker\Tracker.UnitTests\bin\Debug\net6.0\Tracker.UnitTests.dll" adapterTypeName="executor://xunit/VsTestRunner2/netcoreapp" className="Tracker.UnitTests.Users.UsersServiceTests" name="rollback_transaction_when_user_creation_error" />
    </UnitTest>
    <UnitTest name="Tracker.UnitTests.Roles.RoleCreationValidatorTests.validation_error_msg_when_invalid_role_name(roleName: &quot;    &quot;, errorMsg: &quot;Название роли не может быть пустым&quot;)" storage="c:\projects\tracker\tracker.unittests\bin\debug\net6.0\tracker.unittests.dll" id="f527434d-c2ed-96ab-192a-a5f1c25cd42a">
      <Execution id="6a6bec23-a11e-4951-82e1-1f96deaa6912" />
      <TestMethod codeBase="C:\Projects\Tracker\Tracker.UnitTests\bin\Debug\net6.0\Tracker.UnitTests.dll" adapterTypeName="executor://xunit/VsTestRunner2/netcoreapp" className="Tracker.UnitTests.Roles.RoleCreationValidatorTests" name="validation_error_msg_when_invalid_role_name" />
    </UnitTest>
    <UnitTest name="Tracker.UnitTests.Roles.RoleCreationValidatorTests.validation_error_msg_when_role_name_exists_already" storage="c:\projects\tracker\tracker.unittests\bin\debug\net6.0\tracker.unittests.dll" id="1de17e91-adde-8006-95e9-54afe1e4715f">
      <Execution id="67eea887-48c8-4a81-8844-13f7eb210974" />
      <TestMethod codeBase="C:\Projects\Tracker\Tracker.UnitTests\bin\Debug\net6.0\Tracker.UnitTests.dll" adapterTypeName="executor://xunit/VsTestRunner2/netcoreapp" className="Tracker.UnitTests.Roles.RoleCreationValidatorTests" name="validation_error_msg_when_role_name_exists_already" />
    </UnitTest>
    <UnitTest name="Tracker.UnitTests.Roles.RoleDeletingValidatorTests.validation_error_msg_when_role_id_is_empty(roleId: &quot;&quot;)" storage="c:\projects\tracker\tracker.unittests\bin\debug\net6.0\tracker.unittests.dll" id="4f884c13-41da-686d-78e1-9af7fc6c298a">
      <Execution id="5a968a4f-1759-40ce-9495-ece2969644d9" />
      <TestMethod codeBase="C:\Projects\Tracker\Tracker.UnitTests\bin\Debug\net6.0\Tracker.UnitTests.dll" adapterTypeName="executor://xunit/VsTestRunner2/netcoreapp" className="Tracker.UnitTests.Roles.RoleDeletingValidatorTests" name="validation_error_msg_when_role_id_is_empty" />
    </UnitTest>
    <UnitTest name="Tracker.UnitTests.Roles.RoleCreationValidatorTests.validation_error_msg_when_invalid_role_name(roleName: &quot;**************************************************&quot;..., errorMsg: &quot;Название роли должно быть от 3 до 100 символов&quot;)" storage="c:\projects\tracker\tracker.unittests\bin\debug\net6.0\tracker.unittests.dll" id="763c5e10-1970-b182-114c-84faabb1d9d6">
      <Execution id="69eea81e-c9bf-455b-a5b7-5956dc6807c0" />
      <TestMethod codeBase="C:\Projects\Tracker\Tracker.UnitTests\bin\Debug\net6.0\Tracker.UnitTests.dll" adapterTypeName="executor://xunit/VsTestRunner2/netcoreapp" className="Tracker.UnitTests.Roles.RoleCreationValidatorTests" name="validation_error_msg_when_invalid_role_name" />
    </UnitTest>
  </TestDefinitions>
  <TestEntries>
    <TestEntry testId="33dcd494-1234-0a12-8c97-e830305e73b0" executionId="7bba3f02-136a-418f-9c2b-68ddcb3bd644" testListId="8c84fa94-04c1-424b-9868-57a2d4851a1d" />
    <TestEntry testId="60606509-57d5-0e35-a5d0-d88a6a3a3479" executionId="6e3c32ef-9aee-456d-8c8e-3dacab5ee283" testListId="8c84fa94-04c1-424b-9868-57a2d4851a1d" />
    <TestEntry testId="763c5e10-1970-b182-114c-84faabb1d9d6" executionId="69eea81e-c9bf-455b-a5b7-5956dc6807c0" testListId="8c84fa94-04c1-424b-9868-57a2d4851a1d" />
    <TestEntry testId="06897a48-9c50-f6da-b15c-5000f2a744b9" executionId="efca75d8-2e73-4874-86ff-315278c21443" testListId="8c84fa94-04c1-424b-9868-57a2d4851a1d" />
    <TestEntry testId="5fa2b0f0-75f1-05c5-fcfb-52193d2c2661" executionId="552347d4-7924-4207-a7bc-5f1b10da5804" testListId="8c84fa94-04c1-424b-9868-57a2d4851a1d" />
    <TestEntry testId="18944975-5c08-5100-b396-f77631fd8312" executionId="6d5c1c13-fa91-4250-a5ae-1547a8ad87c2" testListId="8c84fa94-04c1-424b-9868-57a2d4851a1d" />
    <TestEntry testId="d15b5ad1-637e-5f2f-7fdb-e09fea2b3327" executionId="5b085e25-31ba-4903-94eb-8f90fa09911a" testListId="8c84fa94-04c1-424b-9868-57a2d4851a1d" />
    <TestEntry testId="6d06bd2b-eec8-a6fd-3f5e-584fc8b11974" executionId="0887e4a7-feb4-40b2-8c15-fc93ab86c9db" testListId="8c84fa94-04c1-424b-9868-57a2d4851a1d" />
    <TestEntry testId="f2ac7237-eaf5-d3dc-671e-9cc86bd72736" executionId="409018a5-751e-425b-b8de-18099103edd2" testListId="8c84fa94-04c1-424b-9868-57a2d4851a1d" />
    <TestEntry testId="2f591677-4cdd-9cd9-f549-8d9e22f162f8" executionId="73934623-5013-42d0-a7f2-55813d146203" testListId="8c84fa94-04c1-424b-9868-57a2d4851a1d" />
    <TestEntry testId="4027428f-9901-c2d3-4c23-fb1a73316fd1" executionId="3f87c4d1-7b70-42e6-bc42-1165783f10c1" testListId="8c84fa94-04c1-424b-9868-57a2d4851a1d" />
    <TestEntry testId="7faa62a0-4588-3432-b451-f07a58280e8c" executionId="6601a109-3f60-4bc6-8fec-1e3f07144926" testListId="8c84fa94-04c1-424b-9868-57a2d4851a1d" />
    <TestEntry testId="1f65c42d-91a1-164c-f50f-92b141cb22c8" executionId="1866d6fe-e143-47b2-8a81-46bcdd5d9053" testListId="8c84fa94-04c1-424b-9868-57a2d4851a1d" />
    <TestEntry testId="ee556dfd-4a97-577c-254f-0d91a8832d23" executionId="e2dd0a4d-b835-4a9b-86d6-25e9a3cb0b28" testListId="8c84fa94-04c1-424b-9868-57a2d4851a1d" />
    <TestEntry testId="aeb6be0a-1b30-1dda-3c6a-a36381dd0d97" executionId="e5c9e7cf-b121-489d-8ffa-c9efa68bbdf2" testListId="8c84fa94-04c1-424b-9868-57a2d4851a1d" />
    <TestEntry testId="f527434d-c2ed-96ab-192a-a5f1c25cd42a" executionId="6a6bec23-a11e-4951-82e1-1f96deaa6912" testListId="8c84fa94-04c1-424b-9868-57a2d4851a1d" />
    <TestEntry testId="1de17e91-adde-8006-95e9-54afe1e4715f" executionId="67eea887-48c8-4a81-8844-13f7eb210974" testListId="8c84fa94-04c1-424b-9868-57a2d4851a1d" />
    <TestEntry testId="5fb85fb9-efef-1f85-086e-28ec9b4f3838" executionId="20d47d08-56fa-4c70-94a7-bfdaaa8a0e41" testListId="8c84fa94-04c1-424b-9868-57a2d4851a1d" />
    <TestEntry testId="4f884c13-41da-686d-78e1-9af7fc6c298a" executionId="5a968a4f-1759-40ce-9495-ece2969644d9" testListId="8c84fa94-04c1-424b-9868-57a2d4851a1d" />
    <TestEntry testId="f4045b18-2a86-e92b-1f5b-a4c13ded25de" executionId="e831f3a9-36e2-41e7-861e-3c6fac78c18b" testListId="8c84fa94-04c1-424b-9868-57a2d4851a1d" />
    <TestEntry testId="61509931-8d02-b793-bf62-b71604e3ee8a" executionId="f1b63b9d-d408-43a5-8546-37f71156d354" testListId="8c84fa94-04c1-424b-9868-57a2d4851a1d" />
    <TestEntry testId="b16be9d5-4d8d-b975-fe2f-ddd005bd3c7e" executionId="2293edbd-db70-4dea-ac67-f49185080b1d" testListId="8c84fa94-04c1-424b-9868-57a2d4851a1d" />
    <TestEntry testId="5271f82c-ceec-fda6-bc8b-9d59a7ef8573" executionId="70cd1836-f95f-4f44-8a2e-18c977c8b752" testListId="8c84fa94-04c1-424b-9868-57a2d4851a1d" />
    <TestEntry testId="227706a7-5e28-b820-f57e-ac3189883458" executionId="4e733819-4aaf-4494-8687-ac4db42b7e6d" testListId="8c84fa94-04c1-424b-9868-57a2d4851a1d" />
    <TestEntry testId="839d785c-ddfa-f5e9-9f99-7782081ba627" executionId="485577ec-b3f8-4cf5-b044-8909360ae078" testListId="8c84fa94-04c1-424b-9868-57a2d4851a1d" />
    <TestEntry testId="7faacf13-723d-6456-e4c1-16094ac41a38" executionId="7d23e6f8-3640-4402-85bd-ac5feb1825b9" testListId="8c84fa94-04c1-424b-9868-57a2d4851a1d" />
    <TestEntry testId="c7efa35a-9a7c-3b53-cdbf-1c8927009565" executionId="998f3200-de07-4f8f-9756-34358eb9654f" testListId="8c84fa94-04c1-424b-9868-57a2d4851a1d" />
  </TestEntries>
  <TestLists>
    <TestList name="Results Not in a List" id="8c84fa94-04c1-424b-9868-57a2d4851a1d" />
    <TestList name="All Loaded Results" id="19431567-8539-422a-85d7-44ee4e166bda" />
  </TestLists>
  <ResultSummary outcome="Completed">
    <Counters total="27" executed="27" passed="27" failed="0" error="0" timeout="0" aborted="0" inconclusive="0" passedButRunAborted="0" notRunnable="0" notExecuted="0" disconnected="0" warning="0" completed="0" inProgress="0" pending="0" />
    <Output>
      <StdOut>[xUnit.net 00:00:00.00] xUnit.net VSTest Adapter v2.4.3+1b45f5407b (64-bit .NET 6.0.10)&#xD;
[xUnit.net 00:00:00.83]   Discovering: Tracker.UnitTests&#xD;
[xUnit.net 00:00:00.90]   Discovered:  Tracker.UnitTests&#xD;
[xUnit.net 00:00:00.90]   Starting:    Tracker.UnitTests&#xD;
[xUnit.net 00:00:01.16]   Finished:    Tracker.UnitTests&#xD;
</StdOut>
    </Output>
  </ResultSummary>
</TestRun>